// Jest Snapshot v1, https://goo.gl/fbAQLP

exports[`render correctly error component 1`] = `
<div
  class="episode-preview"
>
  <img
    alt="Escape from Monster Island"
    class="episode-preview-image"
    src="http://static.tvmaze.com/uploads/images/medium_landscape/53/132617.jpg"
  />
  <div
    class="episode-preview-title"
  >
    <p
      class="episode-preview-title-count"
    >
      Season 1. Episode 1
    </p>
    <p>
      Escape from Monster Island
    </p>
  </div>
</div>
`;
